../Core/Inc/../../Drivers/Fusion/FusionMath.h:136:21:float FusionRadiansToDegrees(float)	16	static
../Core/Inc/../../Drivers/Fusion/FusionMath.h:148:21:float FusionAsin(float)	16	static
../Core/Inc/../../Drivers/Fusion/FusionMath.h:456:27:FusionEuler FusionQuaternionToEuler(FusionQuaternion)	72	static
../Core/Src/main.cpp:92:6:void Uprint(char*)	120	static
../Core/Src/main.cpp:99:9:int16_t twoComplementToDec(uint16_t)	16	static
../Core/Src/main.cpp:108:10:uint16_t addBinary(uint8_t, uint8_t)	16	static
../Core/Src/main.cpp:112:19:HAL_StatusTypeDef readReg(int, uint8_t*, int)	48	static
../Core/Src/main.cpp:120:9:int16_t getGyroX()	24	static
../Core/Src/main.cpp:134:5:int getTemp()	24	static
../Core/Src/main.cpp:163:19:HAL_StatusTypeDef configReg(int, int, int)	56	static
../Core/Src/main.cpp:171:6:void configIMU()	40	static
../Core/Src/main.cpp:216:5:int main()	496	static
../Core/Src/main.cpp:319:6:void SystemClock_Config()	88	static
../Core/Src/main.cpp:366:13:void MX_I2C1_Init()	8	static
../Core/Src/main.cpp:400:13:void MX_USART2_UART_Init()	8	static
../Core/Src/main.cpp:433:13:void MX_GPIO_Init()	48	static
../Core/Src/main.cpp:473:6:void Error_Handler()	4	static,ignoring_inline_asm
